16:23:03 **** Incremental Build of configuration Debug for project 001HelloWorld ****
make -j8 all 
arm-none-eabi-size   001HelloWorld.elf 
   text	   data	    bss	    dec	    hex	filename
   3380	    100	   1900	   5380	   1504	001HelloWorld.elf
Finished building: default.size.stdout
 
16:23:36 **** Incremental Build of configuration Debug for project 001HelloWorld ****
make -j8 all 
arm-none-eabi-size   001HelloWorld.elf 
   text	   data	    bss	    dec	    hex	filename
   3380	    100	   1900	   5380	   1504	001HelloWorld.elf
Finished building: default.size.stdout
 
16:24:20 **** Incremental Build of configuration Debug for project 001HelloWorld ****
make -j8 all 
arm-none-eabi-size   001HelloWorld.elf 
   text	   data	    bss	    dec	    hex	filename
   3380	    100	   1900	   5380	   1504	001HelloWorld.elf
Finished building: default.size.stdout
 
16:24:28 **** Incremental Build of configuration Debug for project 001HelloWorld ****
make -j8 all 
arm-none-eabi-size   001HelloWorld.elf 
   text	   data	    bss	    dec	    hex	filename
   3380	    100	   1900	   5380	   1504	001HelloWorld.elf
Finished building: default.size.stdout
 
